jsrun -a36 -c36 -g6 -r1 -n4 -M -gpu --latency_priority=gpu-cpu --launch_distribution=packed ./mpi_sparse_mat suitesparse/hollywood-2009.pm
Max N 22
Max TAP N 4
Global NNZ 113891327, NNZ/GPU 4745471
Cuda Aware : 1.202913e-03
Copy To CPU : 9.782971e-04
Node Aware : 5.583000e-09
Dup Devptr Node Aware : 9.807077e-04

------------------------------------------------------------
Sender: LSF System <lsfadmin@batch2>
Subject: Job 750295: <hollywood-2009_4> in cluster <summit> Exited

Job <hollywood-2009_4> was submitted from host <login3> by user <bienz> in cluster <summit> at Fri Feb 19 18:38:34 2021
Job was executed on host(s) <1*batch2>, in queue <batch>, as user <bienz> in cluster <summit> at Fri Feb 19 18:39:04 2021
                            <42*h31n12>
                            <42*h31n18>
                            <42*h32n01>
                            <42*h32n02>
</ccs/home/bienz> was used as the home directory.
</ccs/home/bienz/sparse_mat> was used as the working directory.
Started at Fri Feb 19 18:39:04 2021
Terminated at Fri Feb 19 18:40:07 2021
Results reported at Fri Feb 19 18:40:07 2021

The output (if any) is above this job summary.



PS:

Read file <hollywood-2009_4.750295.err> for stderr output of this job.

