8 Processes Per Node, 2 Per GPU:
GPU-Level Aggregation
Level 10
Warning: Failed writing log files to directory [/var/log/nvidia-mps]. No logs will be available.
Max N 83
Max TAP N 42
Global NNZ 25380, NNZ/GPU 198
Max N: 83
Max S: 203
Cuda Aware : 5.593920e-04
Copy To CPU : 2.129399e-04
Node Aware : 1.758555e-04
Dup Devptr Node Aware : 6.339452e-04
Level 11
Warning: Failed writing log files to directory [/var/log/nvidia-mps]. No logs will be available.
Max N 73
Max TAP N 37
Global NNZ 7868, NNZ/GPU 61
Max N: 73
Max S: 102
Cuda Aware : 2.470147e-04
Copy To CPU : 1.276873e-04
Node Aware : 1.236893e-04
Dup Devptr Node Aware : 4.650166e-04
Level 12
Warning: Failed writing log files to directory [/var/log/nvidia-mps]. No logs will be available.
Max N 28
Num Rows < Num GPUs
Level 13
Warning: Failed writing log files to directory [/var/log/nvidia-mps]. No logs will be available.
Max N 13
Num Rows < Num GPUs
Socket-Level Aggregation
Level 10
Warning: Failed writing log files to directory [/var/log/nvidia-mps]. No logs will be available.
Max N 83
Max TAP N 42
Global NNZ 25380, NNZ/GPU 198
Max N: 83
Max S: 203
Cuda Aware : 2.778322e-04
Copy To CPU : 1.295052e-04
Node Aware : 1.293758e-04
Dup Devptr Node Aware : 4.615489e-04
Level 11
Warning: Failed writing log files to directory [/var/log/nvidia-mps]. No logs will be available.
Max N 73
Max TAP N 37
Global NNZ 7868, NNZ/GPU 61
Max N: 73
Max S: 102
Cuda Aware : 2.468715e-04
Copy To CPU : 1.119127e-04
Node Aware : 1.278101e-04
Dup Devptr Node Aware : 4.400274e-04
Level 12
Warning: Failed writing log files to directory [/var/log/nvidia-mps]. No logs will be available.
Max N 28
Num Rows < Num GPUs
Level 13
Warning: Failed writing log files to directory [/var/log/nvidia-mps]. No logs will be available.
Max N 13
Num Rows < Num GPUs
Node-Level Aggregation
Level 10
Warning: Failed writing log files to directory [/var/log/nvidia-mps]. No logs will be available.
Max N 83
Max TAP N 42
Global NNZ 25380, NNZ/GPU 198
Max N: 83
Max S: 203
Cuda Aware : 2.793386e-04
Copy To CPU : 1.323734e-04
Node Aware : 1.402246e-04
Dup Devptr Node Aware : 4.748201e-04
Level 11
Warning: Failed writing log files to directory [/var/log/nvidia-mps]. No logs will be available.
Max N 73
Max TAP N 37
Global NNZ 7868, NNZ/GPU 61
Max N: 73
Max S: 102
Cuda Aware : 2.490309e-04
Copy To CPU : 1.117611e-04
Node Aware : 1.506447e-04
Dup Devptr Node Aware : 4.498757e-04
Level 12
Warning: Failed writing log files to directory [/var/log/nvidia-mps]. No logs will be available.
Max N 28
Num Rows < Num GPUs
Level 13
Warning: Failed writing log files to directory [/var/log/nvidia-mps]. No logs will be available.
Max N 13
Num Rows < Num GPUs
12 Processes Per Node, 3 Per GPU:
GPU-Level Aggregation
Level 10
Warning: Failed writing log files to directory [/var/log/nvidia-mps]. No logs will be available.
Max N 83
Max TAP N 28
Global NNZ 25380, NNZ/GPU 198
Max N: 83
Max S: 203
Cuda Aware : 4.064929e-04
Copy To CPU : 1.648752e-04
Node Aware : 4.065011e-04
Dup Devptr Node Aware : 1.152019e-03
Level 11
Warning: Failed writing log files to directory [/var/log/nvidia-mps]. No logs will be available.
Max N 73
Max TAP N 25
Global NNZ 7868, NNZ/GPU 61
Max N: 73
Max S: 102
Cuda Aware : 2.700152e-04
Copy To CPU : 1.493477e-04
Node Aware : 1.935177e-04
Dup Devptr Node Aware : 1.209640e-03
Level 12
Warning: Failed writing log files to directory [/var/log/nvidia-mps]. No logs will be available.
Max N 28
Num Rows < Num GPUs
Level 13
Warning: Failed writing log files to directory [/var/log/nvidia-mps]. No logs will be available.
Max N 13
Num Rows < Num GPUs
Socket-Level Aggregation
Level 10
Warning: Failed writing log files to directory [/var/log/nvidia-mps]. No logs will be available.
Max N 83
Max TAP N 28
Global NNZ 25380, NNZ/GPU 198
Max N: 83
Max S: 203
Cuda Aware : 3.424369e-04
Copy To CPU : 1.350600e-04
Node Aware : 1.996738e-04
Dup Devptr Node Aware : 1.254528e-03
Level 11
Warning: Failed writing log files to directory [/var/log/nvidia-mps]. No logs will be available.
Max N 73
Max TAP N 25
Global NNZ 7868, NNZ/GPU 61
Max N: 73
Max S: 102
Cuda Aware : 3.184354e-04
Copy To CPU : 1.780710e-04
Node Aware : 1.336795e-04
Dup Devptr Node Aware : 1.193799e-03
Level 12
Warning: Failed writing log files to directory [/var/log/nvidia-mps]. No logs will be available.
Max N 28
Num Rows < Num GPUs
Level 13
Warning: Failed writing log files to directory [/var/log/nvidia-mps]. No logs will be available.
Max N 13
Num Rows < Num GPUs
Node-Level Aggregation
Level 10
Warning: Failed writing log files to directory [/var/log/nvidia-mps]. No logs will be available.
Max N 83
Max TAP N 28
Global NNZ 25380, NNZ/GPU 198
Max N: 83
Max S: 203
Cuda Aware : 4.176789e-04
Copy To CPU : 1.697995e-04
Node Aware : 3.277139e-04
Dup Devptr Node Aware : 1.204883e-03
Level 11
Warning: Failed writing log files to directory [/var/log/nvidia-mps]. No logs will be available.
Max N 73
Max TAP N 25
Global NNZ 7868, NNZ/GPU 61
Max N: 73
Max S: 102
Cuda Aware : 3.390122e-04
Copy To CPU : 1.686428e-04
Node Aware : 5.262997e-04
Dup Devptr Node Aware : 1.237774e-03
Level 12
Warning: Failed writing log files to directory [/var/log/nvidia-mps]. No logs will be available.
Max N 28
Num Rows < Num GPUs
Level 13
Warning: Failed writing log files to directory [/var/log/nvidia-mps]. No logs will be available.
Max N 13
Num Rows < Num GPUs
16 Processes Per Node, 4 Per GPU:
GPU-Level Aggregation
Level 10
Warning: Failed writing log files to directory [/var/log/nvidia-mps]. No logs will be available.
Max N 83
Max TAP N 21
Global NNZ 25380, NNZ/GPU 198
Max N: 83
Max S: 203
Cuda Aware : 3.688424e-04
Copy To CPU : 1.569048e-04
Node Aware : 5.672058e-04
Dup Devptr Node Aware : 1.533014e-03
Level 11
Warning: Failed writing log files to directory [/var/log/nvidia-mps]. No logs will be available.
Max N 73
Max TAP N 19
Global NNZ 7868, NNZ/GPU 61
Max N: 73
Max S: 102
Cuda Aware : 3.507952e-04
Copy To CPU : 1.792741e-04
Node Aware : 4.257499e-04
Dup Devptr Node Aware : 1.530048e-03
Level 12
Warning: Failed writing log files to directory [/var/log/nvidia-mps]. No logs will be available.
Max N 28
Num Rows < Num GPUs
Level 13
Warning: Failed writing log files to directory [/var/log/nvidia-mps]. No logs will be available.
Max N 13
Num Rows < Num GPUs
Socket-Level Aggregation
Level 10
Warning: Failed writing log files to directory [/var/log/nvidia-mps]. No logs will be available.
Max N 83
Max TAP N 21
Global NNZ 25380, NNZ/GPU 198
Max N: 83
Max S: 203
Cuda Aware : 4.027446e-04
Copy To CPU : 1.648525e-04
Node Aware : 6.660903e-04
Dup Devptr Node Aware : 1.545037e-03
Level 11
Warning: Failed writing log files to directory [/var/log/nvidia-mps]. No logs will be available.
Max N 73
Max TAP N 19
Global NNZ 7868, NNZ/GPU 61
Max N: 73
Max S: 102
Cuda Aware : 3.258227e-04
Copy To CPU : 1.574075e-04
Node Aware : 4.735757e-04
Dup Devptr Node Aware : 1.497285e-03
Level 12
Warning: Failed writing log files to directory [/var/log/nvidia-mps]. No logs will be available.
Max N 28
Num Rows < Num GPUs
Level 13
Warning: Failed writing log files to directory [/var/log/nvidia-mps]. No logs will be available.
Max N 13
Num Rows < Num GPUs
Node-Level Aggregation
Level 10
Warning: Failed writing log files to directory [/var/log/nvidia-mps]. No logs will be available.
Max N 83
Max TAP N 21
Global NNZ 25380, NNZ/GPU 198
Max N: 83
Max S: 203
Cuda Aware : 5.252015e-04
Copy To CPU : 2.154828e-04
Node Aware : 7.238350e-04
Dup Devptr Node Aware : 1.459423e-03
Level 11
Warning: Failed writing log files to directory [/var/log/nvidia-mps]. No logs will be available.
Max N 73
Max TAP N 19
Global NNZ 7868, NNZ/GPU 61
Max N: 73
Max S: 102
Cuda Aware : 3.126168e-04
Copy To CPU : 1.651133e-04
Node Aware : 5.637998e-04
Dup Devptr Node Aware : 1.477564e-03
Level 12
Warning: Failed writing log files to directory [/var/log/nvidia-mps]. No logs will be available.
Max N 28
Num Rows < Num GPUs
Level 13
Warning: Failed writing log files to directory [/var/log/nvidia-mps]. No logs will be available.
Max N 13
Num Rows < Num GPUs
20 Processes Per Node, 5 Per GPU:
GPU-Level Aggregation
Level 10
Warning: Failed writing log files to directory [/var/log/nvidia-mps]. No logs will be available.
Max N 83
Max TAP N 17
Global NNZ 25380, NNZ/GPU 198
Max N: 83
Max S: 203
Cuda Aware : 4.656931e-04
Copy To CPU : 2.318595e-04
Node Aware : 1.135829e-03
Dup Devptr Node Aware : 1.516301e-03
Level 11
Warning: Failed writing log files to directory [/var/log/nvidia-mps]. No logs will be available.
Max N 73
Max TAP N 15
Global NNZ 7868, NNZ/GPU 61
Max N: 73
Max S: 102
Cuda Aware : 4.118923e-04
Copy To CPU : 1.411342e-04
Node Aware : 5.397116e-04
Dup Devptr Node Aware : 1.519628e-03
Level 12
Warning: Failed writing log files to directory [/var/log/nvidia-mps]. No logs will be available.
Max N 28
Num Rows < Num GPUs
Level 13
Warning: Failed writing log files to directory [/var/log/nvidia-mps]. No logs will be available.
Max N 13
Num Rows < Num GPUs
Socket-Level Aggregation
Level 10
Warning: Failed writing log files to directory [/var/log/nvidia-mps]. No logs will be available.
Max N 83
Max TAP N 17
Global NNZ 25380, NNZ/GPU 198
Max N: 83
Max S: 203
Cuda Aware : 4.845027e-04
Copy To CPU : 2.702837e-04
Node Aware : 7.654069e-04
Dup Devptr Node Aware : 1.516224e-03
Level 11
Warning: Failed writing log files to directory [/var/log/nvidia-mps]. No logs will be available.
Max N 73
Max TAP N 15
Global NNZ 7868, NNZ/GPU 61
Max N: 73
Max S: 102
Cuda Aware : 3.981431e-04
Copy To CPU : 1.492819e-04
Node Aware : 9.782391e-04
Dup Devptr Node Aware : 1.462550e-03
Level 12
Warning: Failed writing log files to directory [/var/log/nvidia-mps]. No logs will be available.
Max N 28
Num Rows < Num GPUs
Level 13
Warning: Failed writing log files to directory [/var/log/nvidia-mps]. No logs will be available.
Max N 13
Num Rows < Num GPUs
Node-Level Aggregation
Level 10
Warning: Failed writing log files to directory [/var/log/nvidia-mps]. No logs will be available.
Max N 83
Max TAP N 17
Global NNZ 25380, NNZ/GPU 198
Max N: 83
Max S: 203
Cuda Aware : 5.111329e-04
Copy To CPU : 2.812759e-04
Node Aware : 7.447480e-04
Dup Devptr Node Aware : 1.456129e-03
Level 11
Warning: Failed writing log files to directory [/var/log/nvidia-mps]. No logs will be available.
Max N 73
Max TAP N 15
Global NNZ 7868, NNZ/GPU 61
Max N: 73
Max S: 102
Cuda Aware : 4.333093e-04
Copy To CPU : 1.666005e-04
Node Aware : 5.567956e-04
Dup Devptr Node Aware : 1.519469e-03
Level 12
Warning: Failed writing log files to directory [/var/log/nvidia-mps]. No logs will be available.
Max N 28
Num Rows < Num GPUs
Level 13
Warning: Failed writing log files to directory [/var/log/nvidia-mps]. No logs will be available.
Max N 13
Num Rows < Num GPUs
40 Processes Per Node, 10 Per GPU:
GPU-Level Aggregation
Level 10
Warning: Failed writing log files to directory [/var/log/nvidia-mps]. No logs will be available.
Max N 83
Max TAP N 9
Global NNZ 25380, NNZ/GPU 198
Max N: 83
Max S: 203
Cuda Aware : 3.209434e-04
Copy To CPU : 1.337136e-04
Node Aware : 4.532902e-04
Dup Devptr Node Aware : 2.033787e-03
Level 11
Warning: Failed writing log files to directory [/var/log/nvidia-mps]. No logs will be available.
Max N 73
Max TAP N 8
Global NNZ 7868, NNZ/GPU 61
Max N: 73
Max S: 102
Cuda Aware : 8.626771e-03
Copy To CPU : 1.389697e-04
Node Aware : 2.507046e-04
Dup Devptr Node Aware : 1.773208e-03
Level 12
Warning: Failed writing log files to directory [/var/log/nvidia-mps]. No logs will be available.
Max N 28
Num Rows < Num GPUs
Level 13
Warning: Failed writing log files to directory [/var/log/nvidia-mps]. No logs will be available.
Max N 13
Num Rows < Num GPUs
Socket-Level Aggregation
Level 10
Warning: Failed writing log files to directory [/var/log/nvidia-mps]. No logs will be available.
Max N 83
Max TAP N 9
Global NNZ 25380, NNZ/GPU 198
Max N: 83
Max S: 203
Cuda Aware : 7.333748e-03
Copy To CPU : 1.475683e-04
Node Aware : 3.709050e-04
Dup Devptr Node Aware : 1.832510e-03
Level 11
Warning: Failed writing log files to directory [/var/log/nvidia-mps]. No logs will be available.
Max N 73
Max TAP N 8
Global NNZ 7868, NNZ/GPU 61
Max N: 73
Max S: 102
Cuda Aware : 3.280686e-04
Copy To CPU : 1.409303e-04
Node Aware : 7.984476e-04
Dup Devptr Node Aware : 1.864568e-03
Level 12
Warning: Failed writing log files to directory [/var/log/nvidia-mps]. No logs will be available.
Max N 28
Num Rows < Num GPUs
Level 13
Warning: Failed writing log files to directory [/var/log/nvidia-mps]. No logs will be available.
Max N 13
Num Rows < Num GPUs
Node-Level Aggregation
Level 10
Warning: Failed writing log files to directory [/var/log/nvidia-mps]. No logs will be available.
Max N 83
Max TAP N 9
Global NNZ 25380, NNZ/GPU 198
Max N: 83
Max S: 203
Cuda Aware : 5.385143e-03
Copy To CPU : 1.364361e-04
Node Aware : 2.679214e-04
Dup Devptr Node Aware : 1.891168e-03
Level 11
Warning: Failed writing log files to directory [/var/log/nvidia-mps]. No logs will be available.
Max N 73
Max TAP N 8
Global NNZ 7868, NNZ/GPU 61
Max N: 73
Max S: 102
Cuda Aware : 5.316329e-03
Copy To CPU : 1.294273e-04
Node Aware : 2.381237e-04
Dup Devptr Node Aware : 1.798574e-03
Level 12
Warning: Failed writing log files to directory [/var/log/nvidia-mps]. No logs will be available.
Max N 28
Num Rows < Num GPUs
Level 13
Warning: Failed writing log files to directory [/var/log/nvidia-mps]. No logs will be available.
Max N 13
Num Rows < Num GPUs

------------------------------------------------------------
Sender: LSF System <lsfadmin@lassen710>
Subject: Job 3283858: <laplacian_32> in cluster <lassen> Done

Job <laplacian_32> was submitted from host <lassen709> by user <bienz1> in cluster <lassen> at Sun Feb 20 22:07:17 2022
Job was executed on host(s) <1*lassen710>, in queue <pbatch>, as user <bienz1> in cluster <lassen> at Sun Feb 20 22:07:19 2022
                            <40*lassen156>
                            <40*lassen485>
                            <40*lassen314>
                            <40*lassen650>
                            <40*lassen321>
                            <40*lassen651>
                            <40*lassen811>
                            <40*lassen812>
                            <40*lassen335>
                            <40*lassen181>
                            <40*lassen538>
                            <40*lassen539>
                            <40*lassen383>
                            <40*lassen384>
                            <40*lassen385>
                            <40*lassen386>
                            <40*lassen387>
                            <40*lassen388>
                            <40*lassen389>
                            <40*lassen572>
                            <40*lassen242>
                            <40*lassen571>
                            <40*lassen241>
                            <40*lassen570>
                            <40*lassen240>
                            <40*lassen37>
                            <40*lassen38>
                            <40*lassen39>
                            <40*lassen210>
                            <40*lassen540>
                            <40*lassen211>
                            <40*lassen541>
</g/g14/bienz1> was used as the home directory.
</g/g14/bienz1/BenchPress/spmv/tests> was used as the working directory.
Started at Sun Feb 20 22:07:19 2022
Terminated at Sun Feb 20 22:21:04 2022
Results reported at Sun Feb 20 22:21:04 2022

Your job looked like:

------------------------------------------------------------
# LSBATCH: User input
#!/bin/bash
#BSUB -J laplacian_32
#BSUB -e laplacian_32.%J.err
#BSUB -o laplacian_32.%J.out
#BSUB -nnodes 32
#BSUB -W 00:30

module load gcc
module load cmake/3.18.1
module load cuda

cd /g/g14/bienz1/BenchPress/spmv

export NNODES=32
export NPROCS=8
echo "8 Processes Per Node, 2 Per GPU:"

echo "GPU-Level Aggregation"
sh agg_gpu.sh

echo "Socket-Level Aggregation"
sh agg_socket.sh

echo "Node-Level Aggregation"
sh agg_node.sh


export NPROCS=12
echo "12 Processes Per Node, 3 Per GPU:"

echo "GPU-Level Aggregation"
sh agg_gpu.sh

echo "Socket-Level Aggregation"
sh agg_socket.sh

echo "Node-Level Aggregation"
sh agg_node.sh



export NPROCS=16
echo "16 Processes Per Node, 4 Per GPU:"

echo "GPU-Level Aggregation"
sh agg_gpu.sh

echo "Socket-Level Aggregation"
sh agg_socket.sh


(... more ...)
------------------------------------------------------------

Successfully completed.

Resource usage summary:

    CPU time :                                   6.00 sec.
    Max Memory :                                 248 MB
    Average Memory :                             175.66 MB
    Total Requested Memory :                     -
    Delta Memory :                               -
    Max Swap :                                   1432 MB
    Max Processes :                              7
    Max Threads :                                31
    Run time :                                   825 sec.
    Turnaround time :                            827 sec.

The output (if any) is above this job summary.



PS:

Read file <laplacian_32.3283858.err> for stderr output of this job.

